[INFO] Scanning for projects...
[INFO] 
[INFO] -------------------< com.example:Clothesshoponline >--------------------
[INFO] Building Clothesshoponline 0.0.1-SNAPSHOT
[INFO]   from pom.xml
[INFO] --------------------------------[ jar ]---------------------------------
[INFO] 
[INFO] --- resources:3.3.1:resources (default-resources) @ Clothesshoponline ---
[INFO] Copying 1 resource from src\main\resources to target\classes
[INFO] Copying 29 resources from src\main\resources to target\classes
[INFO] 
[INFO] --- compiler:3.14.1:compile (default-compile) @ Clothesshoponline ---
[INFO] Nothing to compile - all classes are up to date.
[INFO] ------------------------------------------------------------------------
[INFO] BUILD SUCCESS
[INFO] ------------------------------------------------------------------------
[INFO] Total time:  2.991 s
[INFO] Finished at: 2026-01-25T23:21:57+07:00
[INFO] ------------------------------------------------------------------------
